// Jest Snapshot v1, https://goo.gl/fbAQLP

exports[`ModelForm component should render ModelForm component 1`] = `ShallowWrapper {}`;
