// Jest Snapshot v1, https://goo.gl/fbAQLP

exports[`Question component should render Question component 1`] = `ShallowWrapper {}`;
