// Jest Snapshot v1, https://goo.gl/fbAQLP

exports[`QuestionDetails component should render QuestionDetails component 1`] = `ShallowWrapper {}`;
