// Jest Snapshot v1, https://goo.gl/fbAQLP

exports[`NewQuestion component should render NewQuestion component 1`] = `ShallowWrapper {}`;
