// Jest Snapshot v1, https://goo.gl/fbAQLP

exports[`QuestionsList component should render QuestionsList component 1`] = `ShallowWrapper {}`;
