// Jest Snapshot v1, https://goo.gl/fbAQLP

exports[`CartIcon component should render VoteSuccess component 1`] = `ShallowWrapper {}`;
